[10-Feb-2026 00:05:26 UTC] PHP Warning:  Undefined array key "host" in /workspaces/UX211_Midterm/.wordpress/wp-includes/pluggable.php on line 1721
[10-Feb-2026 00:35:40 UTC] PHP Fatal error:  Out of memory (allocated 31457280 bytes) (tried to allocate 28672 bytes) in /workspaces/UX211_Midterm/.wordpress/wp-admin/includes/post.php on line 130
[10-Feb-2026 00:35:45 UTC] PHP Fatal error:  Out of memory (allocated 31457280 bytes) (tried to allocate 8192 bytes) in /workspaces/UX211_Midterm/.wordpress/wp-admin/includes/post.php on line 1683
[10-Feb-2026 00:35:47 UTC] PHP Fatal error:  Out of memory (allocated 31457280 bytes) (tried to allocate 28672 bytes) in /workspaces/UX211_Midterm/.wordpress/wp-admin/includes/theme.php on line 1006
[10-Feb-2026 00:35:50 UTC] PHP Fatal error:  Out of memory (allocated 31457280 bytes) (tried to allocate 8192 bytes) in /workspaces/UX211_Midterm/.wordpress/wp-admin/includes/post.php on line 1683
[10-Feb-2026 00:35:52 UTC] PHP Fatal error:  Out of memory (allocated 31457280 bytes) (tried to allocate 28672 bytes) in /workspaces/UX211_Midterm/.wordpress/wp-admin/includes/theme.php on line 1006
[10-Feb-2026 00:35:55 UTC] PHP Fatal error:  Out of memory (allocated 31457280 bytes) (tried to allocate 28672 bytes) in /workspaces/UX211_Midterm/.wordpress/wp-admin/includes/theme.php on line 1006
[10-Feb-2026 00:35:57 UTC] PHP Fatal error:  Out of memory (allocated 31457280 bytes) (tried to allocate 28672 bytes) in /workspaces/UX211_Midterm/.wordpress/wp-admin/includes/theme.php on line 1006
[10-Feb-2026 00:36:03 UTC] PHP Fatal error:  Out of memory (allocated 31457280 bytes) (tried to allocate 8192 bytes) in /workspaces/UX211_Midterm/.wordpress/wp-admin/includes/post.php on line 1683
[10-Feb-2026 00:36:06 UTC] PHP Fatal error:  Out of memory (allocated 31457280 bytes) (tried to allocate 8192 bytes) in /workspaces/UX211_Midterm/.wordpress/wp-admin/includes/post.php on line 1683
[10-Feb-2026 00:36:07 UTC] PHP Fatal error:  Out of memory (allocated 31457280 bytes) (tried to allocate 28672 bytes) in /workspaces/UX211_Midterm/.wordpress/wp-admin/includes/theme.php on line 1006
[10-Feb-2026 00:36:08 UTC] PHP Fatal error:  Out of memory (allocated 31457280 bytes) (tried to allocate 28672 bytes) in /workspaces/UX211_Midterm/.wordpress/wp-admin/includes/theme.php on line 1006
[10-Feb-2026 00:36:09 UTC] PHP Fatal error:  Out of memory (allocated 31457280 bytes) (tried to allocate 28672 bytes) in /workspaces/UX211_Midterm/.wordpress/wp-admin/includes/class-wp-list-table.php on line 1530
[10-Feb-2026 00:36:13 UTC] PHP Fatal error:  Out of memory (allocated 31457280 bytes) (tried to allocate 28672 bytes) in /workspaces/UX211_Midterm/.wordpress/wp-admin/includes/theme.php on line 774
[10-Feb-2026 00:36:13 UTC] PHP Fatal error:  Out of memory (allocated 31457280 bytes) (tried to allocate 8192 bytes) in /workspaces/UX211_Midterm/.wordpress/wp-includes/functions.php on line 655
[10-Feb-2026 00:36:33 UTC] PHP Fatal error:  Out of memory (allocated 31457280 bytes) (tried to allocate 4096 bytes) in /workspaces/UX211_Midterm/.wordpress/wp-includes/class-wp-theme-json.php on line 1281
[10-Feb-2026 00:36:33 UTC] PHP Fatal error:  Out of memory (allocated 31457280 bytes) (tried to allocate 8192 bytes) in /workspaces/UX211_Midterm/.wordpress/wp-includes/functions.php on line 655
[10-Feb-2026 00:37:51 UTC] PHP Fatal error:  Out of memory (allocated 31457280 bytes) (tried to allocate 4096 bytes) in /workspaces/UX211_Midterm/.wordpress/wp-includes/class-wp-theme-json.php on line 1281
[10-Feb-2026 00:37:51 UTC] PHP Fatal error:  Out of memory (allocated 31457280 bytes) (tried to allocate 8192 bytes) in /workspaces/UX211_Midterm/.wordpress/wp-includes/functions.php on line 655
[10-Feb-2026 00:38:01 UTC] PHP Fatal error:  Out of memory (allocated 31457280 bytes) (tried to allocate 28672 bytes) in /workspaces/UX211_Midterm/.wordpress/wp-admin/includes/theme.php on line 774
[10-Feb-2026 00:38:01 UTC] PHP Fatal error:  Out of memory (allocated 31457280 bytes) (tried to allocate 8192 bytes) in /workspaces/UX211_Midterm/.wordpress/wp-includes/functions.php on line 655
[10-Feb-2026 00:39:41 UTC] PHP Fatal error:  Out of memory (allocated 31457280 bytes) (tried to allocate 4096 bytes) in /workspaces/UX211_Midterm/.wordpress/wp-includes/class-wp-theme-json.php on line 1281
[10-Feb-2026 00:39:41 UTC] PHP Fatal error:  Out of memory (allocated 31457280 bytes) (tried to allocate 8192 bytes) in /workspaces/UX211_Midterm/.wordpress/wp-includes/functions.php on line 655
[10-Feb-2026 00:40:34 UTC] PHP Fatal error:  Out of memory (allocated 31457280 bytes) (tried to allocate 4096 bytes) in /workspaces/UX211_Midterm/.wordpress/wp-includes/class-wp-theme-json.php on line 1281
[10-Feb-2026 00:40:34 UTC] PHP Fatal error:  Out of memory (allocated 31457280 bytes) (tried to allocate 8192 bytes) in /workspaces/UX211_Midterm/.wordpress/wp-includes/functions.php on line 655
